// Jest Snapshot v1, https://goo.gl/fbAQLP

exports[`Header non-shallow render 1`] = `
<div
  className="review-page"
>
  <div
    className="card"
  >
    <h1
      className="displayed-text"
      data-testid="display"
    />
    <button
      data-testid="check-button"
      onClick={[Function]}
      type="button"
    >
      check
    </button>
  </div>
</div>
`;
