// Jest Snapshot v1, https://goo.gl/fbAQLP

exports[`Header non-shallow render 1`] = `
<div
  className="header"
>
  <h1>
    Flash Cards
  </h1>
  <div
    className="buttons"
  >
    <button
      className="header-button"
      type="button"
    >
      <a
        href="/"
        onClick={[Function]}
      >
        review
      </a>
    </button>
    <button
      className="header-button"
      type="button"
    >
      <a
        href="/add"
        onClick={[Function]}
      >
        add
      </a>
    </button>
  </div>
</div>
`;
